[2026-02-01T12:40:40.000Z] Commit #1: feat: create global command palette with keyboard shortcuts (#1)
[2026-02-01T11:33:27.000Z] Commit #2: feat: add copy-to-clipboard button with visual feedback (#2)
[2026-02-01T10:26:14.000Z] Commit #3: feat: implement step-by-step resolution runbook component (#3)
[2026-02-01T09:19:01.000Z] Commit #4: feat: create investigation steps timeline with command traces (#4)
[2026-02-01T08:12:48.000Z] Commit #5: feat: implement quick fix summary view component (#5)
[2026-02-02T19:05:35.000Z] Commit #6: feat: add 9-point quality score checklist calculator (#6)
[2026-02-02T18:58:22.000Z] Commit #7: perf: optimize n-gram substring matching algorithm (#7)
[2026-02-02T17:51:09.000Z] Commit #8: feat: implement jaccard index for error message comparison (#8)
[2026-02-02T16:44:56.000Z] Commit #9: fix: optimize stop words filter for french and english (#9)
[2026-02-02T15:37:43.000Z] Commit #10: feat: add similarity calculation engine with tokenization (#10)
[2026-02-03T14:30:30.000Z] Commit #11: feat: initialize core knowledge engine architecture (#11)
[2026-02-03T13:23:17.000Z] Commit #12: feat: seed realistic technical scenarios for wazuh, openssl, and k8s (#12)
[2026-02-03T12:16:04.000Z] Commit #13: fix: ensure sslmode require for neon serverless connection (#13)
[2026-02-03T11:09:51.000Z] Commit #14: perf: add database indexes on category, status, and favorites (#14)
[2026-02-03T10:02:38.000Z] Commit #15: refactor: extract reusable badge and alert components (#15)
[2026-02-04T09:55:25.000Z] Commit #16: chore: setup docker compose for local postgres environment (#16)
[2026-02-04T08:48:12.000Z] Commit #17: chore: configure typescript es2022 compiler options (#17)
[2026-02-04T19:41:59.000Z] Commit #18: docs: enrich readme with mermaid diagrams and vercel guide (#18)
[2026-02-04T18:34:46.000Z] Commit #19: docs: document database entity relationships and schema (#19)
[2026-02-04T17:27:33.000Z] Commit #20: docs: create api specification and contract reference (#20)
[2026-02-05T16:20:20.000Z] Commit #21: docs: add comprehensive system architecture documentation (#21)
[2026-02-05T15:13:07.000Z] Commit #22: test: add unit tests for bcrypt password verification and jwt (#22)
[2026-02-05T14:06:54.000Z] Commit #23: test: add unit tests for markdown, csv, and excel export (#23)
[2026-02-05T13:59:41.000Z] Commit #24: test: add unit tests for quality score calculator (#24)
[2026-02-05T12:52:28.000Z] Commit #25: test: add unit tests for similarity engine and jaccard (#25)
[2026-02-06T11:45:15.000Z] Commit #26: fix: resolve prisma client generation in postinstall hook (#26)
[2026-02-06T10:38:02.000Z] Commit #27: feat: add user profile and logout action in sidebar (#27)
[2026-02-06T09:31:49.000Z] Commit #28: feat: create dark technical login page with developer hints (#28)
[2026-02-06T08:24:36.000Z] Commit #29: feat: implement edge middleware for route protection (#29)
[2026-02-06T19:17:23.000Z] Commit #30: feat: add session authentication with bcrypt and jose jwt (#30)
[2026-02-07T18:10:10.000Z] Commit #31: feat: implement categories explorer and creation modal (#31)
[2026-02-07T17:03:57.000Z] Commit #32: feat: add command snippets global library page (#32)
[2026-02-07T16:56:44.000Z] Commit #33: feat: implement multi-criteria search and filter queries (#33)
[2026-02-07T15:49:31.000Z] Commit #34: feat: add audit logging trail for compliance and tracking (#34)
[2026-02-07T14:42:18.000Z] Commit #35: feat: implement live duplicate detection warning component (#35)
[2026-02-08T13:35:05.000Z] Commit #36: feat: add excel xlsx import and export pipeline (#36)
[2026-02-08T12:28:52.000Z] Commit #37: feat: implement csv parser with delimiter auto-detection (#37)
[2026-02-08T11:21:39.000Z] Commit #38: feat: add json schema export and import engine (#38)
[2026-02-08T10:14:26.000Z] Commit #39: feat: implement markdown runbook exporter (#39)
[2026-02-08T09:07:13.000Z] Commit #40: feat: add resolution test logging and validation history (#40)
[2026-02-09T08:00:00.000Z] Commit #41: feat: implement entry versioning snapshot mechanism (#41)
[2026-02-09T19:53:47.000Z] Commit #42: feat: add categories and tags relational structure (#42)
[2026-02-09T18:46:34.000Z] Commit #43: feat: add neon postgresql schema and prisma orm models (#43)
[2026-02-09T17:39:21.000Z] Commit #44: feat: implement dark technical design system with tailwindcss (#44)
[2026-02-09T16:32:08.000Z] Commit #45: feat: add 60-second quick incident capture modal (#45)
[2026-02-10T15:25:55.000Z] Commit #46: feat: create global command palette with keyboard shortcuts (#46)
[2026-02-10T14:18:42.000Z] Commit #47: feat: add copy-to-clipboard button with visual feedback (#47)
[2026-02-10T13:11:29.000Z] Commit #48: feat: implement step-by-step resolution runbook component (#48)
[2026-02-10T12:04:16.000Z] Commit #49: feat: create investigation steps timeline with command traces (#49)
[2026-02-10T11:57:03.000Z] Commit #50: feat: implement quick fix summary view component (#50)
[2026-02-11T10:50:50.000Z] Commit #51: feat: add 9-point quality score checklist calculator (#51)
[2026-02-11T09:43:37.000Z] Commit #52: perf: optimize n-gram substring matching algorithm (#52)
[2026-02-11T08:36:24.000Z] Commit #53: feat: implement jaccard index for error message comparison (#53)
[2026-02-11T19:29:11.000Z] Commit #54: fix: optimize stop words filter for french and english (#54)
[2026-02-11T18:22:58.000Z] Commit #55: feat: add similarity calculation engine with tokenization (#55)
[2026-02-12T17:15:45.000Z] Commit #56: feat: initialize core knowledge engine architecture (#56)
[2026-02-12T16:08:32.000Z] Commit #57: feat: seed realistic technical scenarios for wazuh, openssl, and k8s (#57)
[2026-02-12T15:01:19.000Z] Commit #58: fix: ensure sslmode require for neon serverless connection (#58)
[2026-02-12T14:54:06.000Z] Commit #59: perf: add database indexes on category, status, and favorites (#59)
[2026-02-12T13:47:53.000Z] Commit #60: refactor: extract reusable badge and alert components (#60)
[2026-02-13T12:40:40.000Z] Commit #61: chore: setup docker compose for local postgres environment (#61)
[2026-02-13T11:33:27.000Z] Commit #62: chore: configure typescript es2022 compiler options (#62)
[2026-02-13T10:26:14.000Z] Commit #63: docs: enrich readme with mermaid diagrams and vercel guide (#63)
[2026-02-13T09:19:01.000Z] Commit #64: docs: document database entity relationships and schema (#64)
[2026-02-13T08:12:48.000Z] Commit #65: docs: create api specification and contract reference (#65)
[2026-02-14T19:05:35.000Z] Commit #66: docs: add comprehensive system architecture documentation (#66)
[2026-02-14T18:58:22.000Z] Commit #67: test: add unit tests for bcrypt password verification and jwt (#67)
[2026-02-14T17:51:09.000Z] Commit #68: test: add unit tests for markdown, csv, and excel export (#68)
[2026-02-14T16:44:56.000Z] Commit #69: test: add unit tests for quality score calculator (#69)
[2026-02-14T15:37:43.000Z] Commit #70: test: add unit tests for similarity engine and jaccard (#70)
